2026-04-16T22:10:29 - INFO:chemprop.cli.main - Running in mode 'train' with args: {'smiles_columns': ['SMILES'], 'reaction_columns': None, 'no_header_row': False, 'num_workers': 0, 'batch_size': 64, 'accelerator': 'auto', 'devices': 'auto', 'rxn_mode': 'REAC_DIFF', 'multi_hot_atom_featurizer_mode': 'V2', 'keep_h': False, 'add_h': False, 'ignore_stereo': False, 'reorder_atoms': False, 'molecule_featurizers': None, 'descriptors_path': None, 'descriptors_columns': None, 'no_descriptor_scaling': False, 'no_atom_feature_scaling': False, 'no_atom_descriptor_scaling': False, 'no_bond_feature_scaling': False, 'no_bond_descriptor_scaling': False, 'atom_features_path': None, 'atom_descriptors_path': None, 'bond_features_path': None, 'bond_descriptors_path': None, 'constraints_path': None, 'constraints_to_targets': None, 'use_cuikmolmaker_featurization': False, 'config_path': None, 'data_path': [PosixPath('data/PXR_train.csv')], 'output_dir': PosixPath('models/01_chemprop_baseline'), 'remove_checkpoints': False, 'checkpoint': None, 'freeze_encoder': False, 'model_frzn': None, 'frzn_ffn_layers': 0, 'from_foundation': None, 'ensemble_size': 1, 'message_hidden_dim': [300], 'message_bias': False, 'depth': [3], 'undirected': False, 'dropout': 0.0, 'mpn_shared': False, 'aggregation': 'norm', 'aggregation_norm': 100, 'atom_messages': False, 'activation': 'RELU', 'activation_args': None, 'ffn_hidden_dim': 300, 'ffn_num_layers': 1, 'batch_norm': False, 'multiclass_num_classes': 3, 'atom_task_weights': None, 'atom_ffn_hidden_dim': 300, 'atom_ffn_num_layers': 1, 'atom_multiclass_num_classes': 3, 'bond_task_weights': None, 'bond_ffn_hidden_dim': 300, 'bond_ffn_num_layers': 1, 'bond_multiclass_num_classes': 3, 'atom_constrainer_ffn_hidden_dim': 300, 'atom_constrainer_ffn_num_layers': 1, 'bond_constrainer_ffn_hidden_dim': 300, 'bond_constrainer_ffn_num_layers': 1, 'weight_column': None, 'target_columns': ['pEC50'], 'mol_target_columns': None, 'atom_target_columns': None, 'bond_target_columns': None, 'ignore_columns': None, 'no_cache': False, 'splits_column': None, 'task_type': 'regression', 'loss_function': None, 'v_kl': 0.0, 'eps': 1e-08, 'alpha': 0.1, 'metrics': None, 'tracking_metric': 'val_loss', 'show_individual_scores': False, 'task_weights': None, 'warmup_epochs': 2, 'init_lr': 0.0001, 'max_lr': 0.001, 'final_lr': 0.0001, 'epochs': 50, 'patience': None, 'min_delta': 0.0, 'grad_clip': None, 'class_balance': False, 'split': 'RANDOM', 'split_sizes': [0.8, 0.1, 0.1], 'split_key_molecule': 0, 'num_replicates': 1, 'num_folds': None, 'save_smiles_splits': False, 'save_data_splits': False, 'splits_file': None, 'data_seed': 0, 'pytorch_seed': None}
2026-04-16T22:10:29 - INFO:chemprop.cli.train - Pulling data from file(s): [PosixPath('data/PXR_train.csv')]
2026-04-16T22:10:29 - WARNING:chemprop.data.splitting - The return type of make_split_indices has changed in v2.1 - see help(make_split_indices)
2026-04-16T22:10:29 - INFO:chemprop.cli.train - train/val/test split_0 sizes: [3311, 413, 415]
2026-04-16T22:10:29 - INFO:chemprop.cli.train - 
     Summary of Training Data      
┏━━━━━━━━━━━━━━━━━┳━━━━━━━━━━━━━━━┓
┃       Statistic ┃ Value (pEC50) ┃
┡━━━━━━━━━━━━━━━━━╇━━━━━━━━━━━━━━━┩
│     Num. smiles │          3311 │
│    Num. targets │          3311 │
│        Num. NaN │             0 │
│            Mean │          4.31 │
│       Std. dev. │          1.12 │
│          Median │          4.64 │
│ % within 1 s.d. │           70% │
│ % within 2 s.d. │           93% │
└─────────────────┴───────────────┘

2026-04-16T22:10:29 - INFO:chemprop.cli.train - 
    Summary of Validation Data     
┏━━━━━━━━━━━━━━━━━┳━━━━━━━━━━━━━━━┓
┃       Statistic ┃ Value (pEC50) ┃
┡━━━━━━━━━━━━━━━━━╇━━━━━━━━━━━━━━━┩
│     Num. smiles │           413 │
│    Num. targets │           413 │
│        Num. NaN │             0 │
│            Mean │          4.32 │
│       Std. dev. │          1.13 │
│          Median │          4.65 │
│ % within 1 s.d. │           70% │
│ % within 2 s.d. │           93% │
└─────────────────┴───────────────┘

2026-04-16T22:10:29 - INFO:chemprop.cli.train - 
       Summary of Test Data        
┏━━━━━━━━━━━━━━━━━┳━━━━━━━━━━━━━━━┓
┃       Statistic ┃ Value (pEC50) ┃
┡━━━━━━━━━━━━━━━━━╇━━━━━━━━━━━━━━━┩
│     Num. smiles │           415 │
│    Num. targets │           415 │
│        Num. NaN │             0 │
│            Mean │          4.42 │
│       Std. dev. │          1.12 │
│          Median │          4.75 │
│ % within 1 s.d. │           72% │
│ % within 2 s.d. │           93% │
└─────────────────┴───────────────┘

2026-04-16T22:10:29 - INFO:chemprop.cli.train - Train data: mean = [4.30874163] | std = [1.11927232]
2026-04-16T22:10:30 - INFO:chemprop.cli.train - Caching training and validation datasets...
2026-04-16T22:10:32 - INFO:chemprop.cli.train - No loss function was specified! Using class default: <class 'chemprop.nn.metrics.MSE'>
2026-04-16T22:10:32 - INFO:chemprop.cli.train - MPNN(
  (message_passing): BondMessagePassing(
    (W_i): Linear(in_features=86, out_features=300, bias=False)
    (W_h): Linear(in_features=300, out_features=300, bias=False)
    (W_o): Linear(in_features=372, out_features=300, bias=True)
    (dropout): Dropout(p=0.0, inplace=False)
    (tau): ReLU()
    (V_d_transform): Identity()
    (graph_transform): GraphTransform(
      (V_transform): Identity()
      (E_transform): Identity()
    )
  )
  (agg): NormAggregation()
  (bn): Identity()
  (predictor): RegressionFFN(
    (ffn): MLP(
      (0): Sequential(
        (0): Linear(in_features=300, out_features=300, bias=True)
      )
      (1): Sequential(
        (0): ReLU()
        (1): Dropout(p=0.0, inplace=False)
        (2): Linear(in_features=300, out_features=1, bias=True)
      )
    )
    (criterion): MSE(task_weights=[[1.0]])
    (output_transform): UnscaleTransform()
  )
  (X_d_transform): Identity()
  (metrics): ModuleList(
    (0-1): 2 x MSE(task_weights=[[1.0]])
  )
)
2026-04-16T22:10:32 - WARNING:chemprop.cli.train - Unable to import TensorBoardLogger, reverting to CSVLogger (original error: Neither `tensorboard` nor `tensorboardX` is available. Try `pip install`ing either.
Requirement 'tensorboardX' not met. HINT: Try running `pip install -U 'tensorboardX'`
Requirement 'tensorboard' not met. HINT: Try running `pip install -U 'tensorboard'`).
/gpfs/home/sugrani/micromamba/envs/pxr-chemprop/lib/python3.11/site-packages/lightning/fabric/plugins/environments/slurm.py:204: The `srun` command is available on your system but is not used. HINT: If your intention is to run Lightning on SLURM, prepend your python command with `srun` like so: srun python3.11 /gpfs/home/sugrani/micromamba/envs/pxr-chemprop/ ...
GPU available: True (cuda), used: True
TPU available: False, using: 0 TPU cores
💡 Tip: For seamless cloud logging and experiment tracking, try installing [litlogger](https://pypi.org/project/litlogger/) to enable LitLogger, which logs metrics and artifacts automatically to the Lightning Experiments platform.
/gpfs/home/sugrani/micromamba/envs/pxr-chemprop/lib/python3.11/site-packages/torch/cuda/__init__.py:371: UserWarning: Found GPU0 NVIDIA GeForce GTX 1080 which is of compute capability (CC) 6.1.
The following list shows the CCs this version of PyTorch was built for and the hardware CCs it supports:
- 7.5 which supports hardware CC >=7.5,<8.0
- 8.0 which supports hardware CC >=8.0,<9.0 except {8.7}
- 8.6 which supports hardware CC >=8.6,<9.0 except {8.7}
- 9.0 which supports hardware CC >=9.0,<10.0
- 10.0 which supports hardware CC >=10.0,<11.0 except {10.1}
- 12.0 which supports hardware CC >=12.0,<13.0
Please follow the instructions at https://pytorch.org/get-started/locally/ to install a PyTorch release that supports one of these CUDA versions: 12.6
  _warn_unsupported_code(d, device_cc, code_ccs)
/gpfs/home/sugrani/micromamba/envs/pxr-chemprop/lib/python3.11/site-packages/torch/cuda/__init__.py:489: UserWarning: 
NVIDIA GeForce GTX 1080 with CUDA capability sm_61 is not compatible with the current PyTorch installation.
The current PyTorch install supports CUDA capabilities sm_75 sm_80 sm_86 sm_90 sm_100 sm_120.
If you want to use the NVIDIA GeForce GTX 1080 GPU with PyTorch, please check the instructions at https://pytorch.org/get-started/locally/

  queued_call()
LOCAL_RANK: 0 - CUDA_VISIBLE_DEVICES: [0]
Loading `train_dataloader` to estimate number of stepping batches.
/gpfs/home/sugrani/micromamba/envs/pxr-chemprop/lib/python3.11/site-packages/lightning/pytorch/utilities/_pytree.py:21: `isinstance(treespec, LeafSpec)` is deprecated, use `isinstance(treespec, TreeSpec) and treespec.is_leaf()` instead.
Traceback (most recent call last):
  File "/gpfs/home/sugrani/micromamba/envs/pxr-chemprop/lib/python3.11/site-packages/lightning/pytorch/trainer/call.py", line 49, in _call_and_handle_interrupt
    return trainer_fn(*args, **kwargs)
           ^^^^^^^^^^^^^^^^^^^^^^^^^^^
  File "/gpfs/home/sugrani/micromamba/envs/pxr-chemprop/lib/python3.11/site-packages/lightning/pytorch/trainer/trainer.py", line 630, in _fit_impl
    self._run(model, ckpt_path=ckpt_path, weights_only=weights_only)
  File "/gpfs/home/sugrani/micromamba/envs/pxr-chemprop/lib/python3.11/site-packages/lightning/pytorch/trainer/trainer.py", line 1053, in _run
    self.strategy.setup(self)
  File "/gpfs/home/sugrani/micromamba/envs/pxr-chemprop/lib/python3.11/site-packages/lightning/pytorch/strategies/strategy.py", line 159, in setup
    self.setup_optimizers(trainer)
  File "/gpfs/home/sugrani/micromamba/envs/pxr-chemprop/lib/python3.11/site-packages/lightning/pytorch/strategies/strategy.py", line 139, in setup_optimizers
    self.optimizers, self.lr_scheduler_configs = _init_optimizers_and_lr_schedulers(self.lightning_module)
                                                 ^^^^^^^^^^^^^^^^^^^^^^^^^^^^^^^^^^^^^^^^^^^^^^^^^^^^^^^^^
  File "/gpfs/home/sugrani/micromamba/envs/pxr-chemprop/lib/python3.11/site-packages/lightning/pytorch/core/optimizer.py", line 180, in _init_optimizers_and_lr_schedulers
    optim_conf = call._call_lightning_module_hook(model.trainer, "configure_optimizers", pl_module=model)
                 ^^^^^^^^^^^^^^^^^^^^^^^^^^^^^^^^^^^^^^^^^^^^^^^^^^^^^^^^^^^^^^^^^^^^^^^^^^^^^^^^^^^^^^^^
  File "/gpfs/home/sugrani/micromamba/envs/pxr-chemprop/lib/python3.11/site-packages/lightning/pytorch/trainer/call.py", line 177, in _call_lightning_module_hook
    output = fn(*args, **kwargs)
             ^^^^^^^^^^^^^^^^^^^
  File "/gpfs/home/sugrani/micromamba/envs/pxr-chemprop/lib/python3.11/site-packages/chemprop/models/model.py", line 213, in configure_optimizers
    self.trainer.estimated_stepping_batches
  File "/gpfs/home/sugrani/micromamba/envs/pxr-chemprop/lib/python3.11/site-packages/lightning/pytorch/trainer/trainer.py", line 1774, in estimated_stepping_batches
    self.fit_loop.setup_data()
  File "/gpfs/home/sugrani/micromamba/envs/pxr-chemprop/lib/python3.11/site-packages/lightning/pytorch/loops/fit_loop.py", line 266, in setup_data
    length = len(dl) if has_len_all_ranks(dl, trainer.strategy, allow_zero_length) else float("inf")
                        ^^^^^^^^^^^^^^^^^^^^^^^^^^^^^^^^^^^^^^^^^^^^^^^^^^^^^^^^^^
  File "/gpfs/home/sugrani/micromamba/envs/pxr-chemprop/lib/python3.11/site-packages/lightning/pytorch/utilities/data.py", line 105, in has_len_all_ranks
    if total_length == 0:
       ^^^^^^^^^^^^^^^^^
torch.AcceleratorError: CUDA error: no kernel image is available for execution on the device
Search for `cudaErrorNoKernelImageForDevice' in https://docs.nvidia.com/cuda/cuda-runtime-api/group__CUDART__TYPES.html for more information.
CUDA kernel errors might be asynchronously reported at some other API call, so the stacktrace below might be incorrect.
For debugging consider passing CUDA_LAUNCH_BLOCKING=1
Compile with `TORCH_USE_CUDA_DSA` to enable device-side assertions.


During handling of the above exception, another exception occurred:

Traceback (most recent call last):
  File "/gpfs/home/sugrani/micromamba/envs/pxr-chemprop/bin/chemprop", line 6, in <module>
    sys.exit(main())
             ^^^^^^
  File "/gpfs/home/sugrani/micromamba/envs/pxr-chemprop/lib/python3.11/site-packages/chemprop/cli/main.py", line 85, in main
    func(args)
  File "/gpfs/home/sugrani/micromamba/envs/pxr-chemprop/lib/python3.11/site-packages/chemprop/cli/train.py", line 116, in func
    main(args)
  File "/gpfs/home/sugrani/micromamba/envs/pxr-chemprop/lib/python3.11/site-packages/chemprop/cli/train.py", line 2313, in main
    train_model(
  File "/gpfs/home/sugrani/micromamba/envs/pxr-chemprop/lib/python3.11/site-packages/chemprop/cli/train.py", line 1898, in train_model
    trainer.fit(model, train_loader, val_loader)
  File "/gpfs/home/sugrani/micromamba/envs/pxr-chemprop/lib/python3.11/site-packages/lightning/pytorch/trainer/trainer.py", line 584, in fit
    call._call_and_handle_interrupt(
  File "/gpfs/home/sugrani/micromamba/envs/pxr-chemprop/lib/python3.11/site-packages/lightning/pytorch/trainer/call.py", line 70, in _call_and_handle_interrupt
    trainer._teardown()
  File "/gpfs/home/sugrani/micromamba/envs/pxr-chemprop/lib/python3.11/site-packages/lightning/pytorch/trainer/trainer.py", line 1102, in _teardown
    self.strategy.teardown()
  File "/gpfs/home/sugrani/micromamba/envs/pxr-chemprop/lib/python3.11/site-packages/lightning/pytorch/strategies/strategy.py", line 536, in teardown
    self.lightning_module.cpu()
  File "/gpfs/home/sugrani/micromamba/envs/pxr-chemprop/lib/python3.11/site-packages/lightning/fabric/utilities/device_dtype_mixin.py", line 86, in cpu
    return super().cpu()
           ^^^^^^^^^^^^^
  File "/gpfs/home/sugrani/micromamba/envs/pxr-chemprop/lib/python3.11/site-packages/torch/nn/modules/module.py", line 1165, in cpu
    return self._apply(lambda t: t.cpu())
           ^^^^^^^^^^^^^^^^^^^^^^^^^^^^^^
  File "/gpfs/home/sugrani/micromamba/envs/pxr-chemprop/lib/python3.11/site-packages/torch/nn/modules/module.py", line 934, in _apply
    module._apply(fn)
  File "/gpfs/home/sugrani/micromamba/envs/pxr-chemprop/lib/python3.11/site-packages/torch/nn/modules/module.py", line 934, in _apply
    module._apply(fn)
  File "/gpfs/home/sugrani/micromamba/envs/pxr-chemprop/lib/python3.11/site-packages/torchmetrics/metric.py", line 907, in _apply
    _dummy_tensor = fn(torch.zeros(1, device=self.device))
                       ^^^^^^^^^^^^^^^^^^^^^^^^^^^^^^^^^^
torch.AcceleratorError: CUDA error: no kernel image is available for execution on the device
Search for `cudaErrorNoKernelImageForDevice' in https://docs.nvidia.com/cuda/cuda-runtime-api/group__CUDART__TYPES.html for more information.
CUDA kernel errors might be asynchronously reported at some other API call, so the stacktrace below might be incorrect.
For debugging consider passing CUDA_LAUNCH_BLOCKING=1
Compile with `TORCH_USE_CUDA_DSA` to enable device-side assertions.

