2026-04-16T22:18:09 - INFO:chemprop.cli.main - Running in mode 'train' with args: {'smiles_columns': ['SMILES'], 'reaction_columns': None, 'no_header_row': False, 'num_workers': 0, 'batch_size': 64, 'accelerator': 'cpu', 'devices': 'auto', 'rxn_mode': 'REAC_DIFF', 'multi_hot_atom_featurizer_mode': 'V2', 'keep_h': False, 'add_h': False, 'ignore_stereo': False, 'reorder_atoms': False, 'molecule_featurizers': None, 'descriptors_path': None, 'descriptors_columns': None, 'no_descriptor_scaling': False, 'no_atom_feature_scaling': False, 'no_atom_descriptor_scaling': False, 'no_bond_feature_scaling': False, 'no_bond_descriptor_scaling': False, 'atom_features_path': None, 'atom_descriptors_path': None, 'bond_features_path': None, 'bond_descriptors_path': None, 'constraints_path': None, 'constraints_to_targets': None, 'use_cuikmolmaker_featurization': False, 'config_path': None, 'data_path': [PosixPath('data/PXR_train.csv')], 'output_dir': PosixPath('models/01_chemprop_baseline'), 'remove_checkpoints': False, 'checkpoint': None, 'freeze_encoder': False, 'model_frzn': None, 'frzn_ffn_layers': 0, 'from_foundation': None, 'ensemble_size': 1, 'message_hidden_dim': [300], 'message_bias': False, 'depth': [3], 'undirected': False, 'dropout': 0.0, 'mpn_shared': False, 'aggregation': 'norm', 'aggregation_norm': 100, 'atom_messages': False, 'activation': 'RELU', 'activation_args': None, 'ffn_hidden_dim': 300, 'ffn_num_layers': 1, 'batch_norm': False, 'multiclass_num_classes': 3, 'atom_task_weights': None, 'atom_ffn_hidden_dim': 300, 'atom_ffn_num_layers': 1, 'atom_multiclass_num_classes': 3, 'bond_task_weights': None, 'bond_ffn_hidden_dim': 300, 'bond_ffn_num_layers': 1, 'bond_multiclass_num_classes': 3, 'atom_constrainer_ffn_hidden_dim': 300, 'atom_constrainer_ffn_num_layers': 1, 'bond_constrainer_ffn_hidden_dim': 300, 'bond_constrainer_ffn_num_layers': 1, 'weight_column': None, 'target_columns': ['pEC50'], 'mol_target_columns': None, 'atom_target_columns': None, 'bond_target_columns': None, 'ignore_columns': None, 'no_cache': False, 'splits_column': None, 'task_type': 'regression', 'loss_function': None, 'v_kl': 0.0, 'eps': 1e-08, 'alpha': 0.1, 'metrics': None, 'tracking_metric': 'val_loss', 'show_individual_scores': False, 'task_weights': None, 'warmup_epochs': 2, 'init_lr': 0.0001, 'max_lr': 0.001, 'final_lr': 0.0001, 'epochs': 50, 'patience': None, 'min_delta': 0.0, 'grad_clip': None, 'class_balance': False, 'split': 'RANDOM', 'split_sizes': [0.8, 0.1, 0.1], 'split_key_molecule': 0, 'num_replicates': 1, 'num_folds': None, 'save_smiles_splits': False, 'save_data_splits': False, 'splits_file': None, 'data_seed': 0, 'pytorch_seed': None}
2026-04-16T22:18:09 - INFO:chemprop.cli.train - Pulling data from file(s): [PosixPath('data/PXR_train.csv')]
2026-04-16T22:18:10 - WARNING:chemprop.data.splitting - The return type of make_split_indices has changed in v2.1 - see help(make_split_indices)
2026-04-16T22:18:10 - INFO:chemprop.cli.train - train/val/test split_0 sizes: [3311, 413, 415]
2026-04-16T22:18:10 - INFO:chemprop.cli.train - 
     Summary of Training Data      
┏━━━━━━━━━━━━━━━━━┳━━━━━━━━━━━━━━━┓
┃       Statistic ┃ Value (pEC50) ┃
┡━━━━━━━━━━━━━━━━━╇━━━━━━━━━━━━━━━┩
│     Num. smiles │          3311 │
│    Num. targets │          3311 │
│        Num. NaN │             0 │
│            Mean │          4.31 │
│       Std. dev. │          1.12 │
│          Median │          4.64 │
│ % within 1 s.d. │           70% │
│ % within 2 s.d. │           93% │
└─────────────────┴───────────────┘

2026-04-16T22:18:10 - INFO:chemprop.cli.train - 
    Summary of Validation Data     
┏━━━━━━━━━━━━━━━━━┳━━━━━━━━━━━━━━━┓
┃       Statistic ┃ Value (pEC50) ┃
┡━━━━━━━━━━━━━━━━━╇━━━━━━━━━━━━━━━┩
│     Num. smiles │           413 │
│    Num. targets │           413 │
│        Num. NaN │             0 │
│            Mean │          4.32 │
│       Std. dev. │          1.13 │
│          Median │          4.65 │
│ % within 1 s.d. │           70% │
│ % within 2 s.d. │           93% │
└─────────────────┴───────────────┘

2026-04-16T22:18:10 - INFO:chemprop.cli.train - 
       Summary of Test Data        
┏━━━━━━━━━━━━━━━━━┳━━━━━━━━━━━━━━━┓
┃       Statistic ┃ Value (pEC50) ┃
┡━━━━━━━━━━━━━━━━━╇━━━━━━━━━━━━━━━┩
│     Num. smiles │           415 │
│    Num. targets │           415 │
│        Num. NaN │             0 │
│            Mean │          4.42 │
│       Std. dev. │          1.12 │
│          Median │          4.75 │
│ % within 1 s.d. │           72% │
│ % within 2 s.d. │           93% │
└─────────────────┴───────────────┘

2026-04-16T22:18:10 - INFO:chemprop.cli.train - Train data: mean = [4.30874163] | std = [1.11927232]
2026-04-16T22:18:10 - INFO:chemprop.cli.train - Caching training and validation datasets...
2026-04-16T22:18:13 - INFO:chemprop.cli.train - No loss function was specified! Using class default: <class 'chemprop.nn.metrics.MSE'>
2026-04-16T22:18:13 - INFO:chemprop.cli.train - MPNN(
  (message_passing): BondMessagePassing(
    (W_i): Linear(in_features=86, out_features=300, bias=False)
    (W_h): Linear(in_features=300, out_features=300, bias=False)
    (W_o): Linear(in_features=372, out_features=300, bias=True)
    (dropout): Dropout(p=0.0, inplace=False)
    (tau): ReLU()
    (V_d_transform): Identity()
    (graph_transform): GraphTransform(
      (V_transform): Identity()
      (E_transform): Identity()
    )
  )
  (agg): NormAggregation()
  (bn): Identity()
  (predictor): RegressionFFN(
    (ffn): MLP(
      (0): Sequential(
        (0): Linear(in_features=300, out_features=300, bias=True)
      )
      (1): Sequential(
        (0): ReLU()
        (1): Dropout(p=0.0, inplace=False)
        (2): Linear(in_features=300, out_features=1, bias=True)
      )
    )
    (criterion): MSE(task_weights=[[1.0]])
    (output_transform): UnscaleTransform()
  )
  (X_d_transform): Identity()
  (metrics): ModuleList(
    (0-1): 2 x MSE(task_weights=[[1.0]])
  )
)
2026-04-16T22:18:13 - WARNING:chemprop.cli.train - Unable to import TensorBoardLogger, reverting to CSVLogger (original error: Neither `tensorboard` nor `tensorboardX` is available. Try `pip install`ing either.
Requirement 'tensorboardX' not met. HINT: Try running `pip install -U 'tensorboardX'`
Requirement 'tensorboard' not met. HINT: Try running `pip install -U 'tensorboard'`).
/gpfs/home/sugrani/micromamba/envs/pxr-chemprop/lib/python3.11/site-packages/lightning/fabric/plugins/environments/slurm.py:204: The `srun` command is available on your system but is not used. HINT: If your intention is to run Lightning on SLURM, prepend your python command with `srun` like so: srun python3.11 /gpfs/home/sugrani/micromamba/envs/pxr-chemprop/ ...
GPU available: False, used: False
TPU available: False, using: 0 TPU cores
💡 Tip: For seamless cloud logging and experiment tracking, try installing [litlogger](https://pypi.org/project/litlogger/) to enable LitLogger, which logs metrics and artifacts automatically to the Lightning Experiments platform.
Loading `train_dataloader` to estimate number of stepping batches.
/gpfs/home/sugrani/micromamba/envs/pxr-chemprop/lib/python3.11/site-packages/lightning/pytorch/utilities/_pytree.py:21: `isinstance(treespec, LeafSpec)` is deprecated, use `isinstance(treespec, TreeSpec) and treespec.is_leaf()` instead.
